
> university-student-marketplace@1.0.0 test
> jest

FAIL tests/product.test.js
  ΓùÅ Test suite failed to run

    Jest encountered an unexpected token

    Jest failed to parse a file. This happens e.g. when your code or its dependencies use non-standard JavaScript syntax, or when Jest is not configured to support such syntax.

    Out of the box Jest supports Babel, which will be used to transform your files into valid JS based on your Babel configuration.

    By default "node_modules" folder is ignored by transformers.

    Here's what you can do:
     ΓÇó If you are trying to use ECMAScript Modules, see https://jestjs.io/docs/ecmascript-modules for how to enable it.
     ΓÇó If you are trying to use TypeScript, see https://jestjs.io/docs/getting-started#using-typescript
     ΓÇó To have some of your "node_modules" files transformed, you can specify a custom "transformIgnorePatterns" in your config.
     ΓÇó If you need a custom transformation, specify a "transform" option in your config.
     ΓÇó If you simply want to mock your non-JS modules (e.g. binary assets) you can stub them out with the "moduleNameMapper" config option.

    You'll find more details and examples of these config options in the docs:
    https://jestjs.io/docs/configuration
    For information about custom transformations, see:
    https://jestjs.io/docs/code-transformation

    Details:

    SyntaxError: C:\Users\tawhi\Documents\Codes\universityMarketplace\routes\api.js: Unexpected token (12:0)

      10 | const adminRoutes = require('./admin');
      11 | const orderRoutes = require('./order');
    > 12 | <<<<<<< HEAD
         | ^
      13 | const shopRoutes = require('./shop');
      14 | const notificationRoutes = require('./notification');
      15 | const reviewRoutes = require('./review');

      10 | const bodyParser = require('body-parser');
      11 | const path = require('path');
    > 12 | const apiRoutes = require('./routes/api');
         |                   ^
      13 | require('./config/database'); // Establishes database connection
      14 |
      15 | // --- 2. Setup ---

      at constructor (node_modules/@babel/parser/src/parse-error.ts:95:45)
      at Parser.toParseError [as raise] (node_modules/@babel/parser/src/tokenizer/index.ts:1507:19)
      at Parser.raise [as unexpected] (node_modules/@babel/parser/src/tokenizer/index.ts:1547:16)
      at Parser.unexpected [as parseExprAtom] (node_modules/@babel/parser/src/parser/expression.ts:1355:22)
      at Parser.parseExprAtom [as parseExprSubscripts] (node_modules/@babel/parser/src/parser/expression.ts:742:23)
      at Parser.parseExprSubscripts [as parseUpdate] (node_modules/@babel/parser/src/parser/expression.ts:721:21)
      at Parser.parseUpdate [as parseMaybeUnary] (node_modules/@babel/parser/src/parser/expression.ts:683:23)
      at Parser.parseMaybeUnary [as parseMaybeUnaryOrPrivate] (node_modules/@babel/parser/src/parser/expression.ts:417:14)
      at Parser.parseMaybeUnaryOrPrivate [as parseExprOps] (node_modules/@babel/parser/src/parser/expression.ts:429:23)
      at Parser.parseExprOps [as parseMaybeConditional] (node_modules/@babel/parser/src/parser/expression.ts:384:23)
      at Parser.parseMaybeConditional [as parseMaybeAssign] (node_modules/@babel/parser/src/parser/expression.ts:301:21)
      at Parser.parseMaybeAssign [as parseExpressionBase] (node_modules/@babel/parser/src/parser/expression.ts:226:23)
      at parseExpressionBase (node_modules/@babel/parser/src/parser/expression.ts:217:39)
      at Parser.callback [as allowInAnd] (node_modules/@babel/parser/src/parser/expression.ts:3197:16)
      at Parser.allowInAnd [as parseExpression] (node_modules/@babel/parser/src/parser/expression.ts:217:17)
      at Parser.parseExpression [as parseStatementContent] (node_modules/@babel/parser/src/parser/statement.ts:688:23)
      at Parser.parseStatementContent [as parseStatementLike] (node_modules/@babel/parser/src/parser/statement.ts:482:17)
      at Parser.parseStatementLike [as parseModuleItem] (node_modules/@babel/parser/src/parser/statement.ts:419:17)
      at Parser.parseModuleItem [as parseBlockOrModuleBlockBody] (node_modules/@babel/parser/src/parser/statement.ts:1443:16)
      at Parser.parseBlockOrModuleBlockBody [as parseBlockBody] (node_modules/@babel/parser/src/parser/statement.ts:1417:10)
      at Parser.parseBlockBody [as parseProgram] (node_modules/@babel/parser/src/parser/statement.ts:229:10)
      at Parser.parseProgram [as parseTopLevel] (node_modules/@babel/parser/src/parser/statement.ts:203:25)
      at Parser.parseTopLevel [as parse] (node_modules/@babel/parser/src/parser/index.ts:88:25)
      at parse (node_modules/@babel/parser/src/index.ts:86:38)
      at parser (node_modules/@babel/core/src/parser/index.ts:29:19)
          at parser.next (<anonymous>)
      at normalizeFile (node_modules/@babel/core/src/transformation/normalize-file.ts:50:24)
          at normalizeFile.next (<anonymous>)
      at run (node_modules/@babel/core/src/transformation/index.ts:41:36)
          at run.next (<anonymous>)
      at transform (node_modules/@babel/core/src/transform.ts:29:20)
          at transform.next (<anonymous>)
      at evaluateSync (node_modules/gensync/index.js:251:28)
      at sync (node_modules/gensync/index.js:89:14)
      at fn (node_modules/@babel/core/src/errors/rewrite-stack-trace.ts:99:14)
      at transformSync (node_modules/@babel/core/src/transform.ts:66:52)
      at ScriptTransformer.transformSource (node_modules/@jest/transform/build/index.js:422:31)
      at ScriptTransformer._transformAndBuildScript (node_modules/@jest/transform/build/index.js:519:40)
      at ScriptTransformer.transform (node_modules/@jest/transform/build/index.js:558:19)
      at Object.require (server.js:12:19)
      at Object.require (tests/product.test.js:11:13)

FAIL tests/auth.test.js
  ΓùÅ Test suite failed to run

    Jest encountered an unexpected token

    Jest failed to parse a file. This happens e.g. when your code or its dependencies use non-standard JavaScript syntax, or when Jest is not configured to support such syntax.

    Out of the box Jest supports Babel, which will be used to transform your files into valid JS based on your Babel configuration.

    By default "node_modules" folder is ignored by transformers.

    Here's what you can do:
     ΓÇó If you are trying to use ECMAScript Modules, see https://jestjs.io/docs/ecmascript-modules for how to enable it.
     ΓÇó If you are trying to use TypeScript, see https://jestjs.io/docs/getting-started#using-typescript
     ΓÇó To have some of your "node_modules" files transformed, you can specify a custom "transformIgnorePatterns" in your config.
     ΓÇó If you need a custom transformation, specify a "transform" option in your config.
     ΓÇó If you simply want to mock your non-JS modules (e.g. binary assets) you can stub them out with the "moduleNameMapper" config option.

    You'll find more details and examples of these config options in the docs:
    https://jestjs.io/docs/configuration
    For information about custom transformations, see:
    https://jestjs.io/docs/code-transformation

    Details:

    SyntaxError: C:\Users\tawhi\Documents\Codes\universityMarketplace\routes\api.js: Unexpected token (12:0)

      10 | const adminRoutes = require('./admin');
      11 | const orderRoutes = require('./order');
    > 12 | <<<<<<< HEAD
         | ^
      13 | const shopRoutes = require('./shop');
      14 | const notificationRoutes = require('./notification');
      15 | const reviewRoutes = require('./review');

      10 | const bodyParser = require('body-parser');
      11 | const path = require('path');
    > 12 | const apiRoutes = require('./routes/api');
         |                   ^
      13 | require('./config/database'); // Establishes database connection
      14 |
      15 | // --- 2. Setup ---

      at constructor (node_modules/@babel/parser/src/parse-error.ts:95:45)
      at Parser.toParseError [as raise] (node_modules/@babel/parser/src/tokenizer/index.ts:1507:19)
      at Parser.raise [as unexpected] (node_modules/@babel/parser/src/tokenizer/index.ts:1547:16)
      at Parser.unexpected [as parseExprAtom] (node_modules/@babel/parser/src/parser/expression.ts:1355:22)
      at Parser.parseExprAtom [as parseExprSubscripts] (node_modules/@babel/parser/src/parser/expression.ts:742:23)
      at Parser.parseExprSubscripts [as parseUpdate] (node_modules/@babel/parser/src/parser/expression.ts:721:21)
      at Parser.parseUpdate [as parseMaybeUnary] (node_modules/@babel/parser/src/parser/expression.ts:683:23)
      at Parser.parseMaybeUnary [as parseMaybeUnaryOrPrivate] (node_modules/@babel/parser/src/parser/expression.ts:417:14)
      at Parser.parseMaybeUnaryOrPrivate [as parseExprOps] (node_modules/@babel/parser/src/parser/expression.ts:429:23)
      at Parser.parseExprOps [as parseMaybeConditional] (node_modules/@babel/parser/src/parser/expression.ts:384:23)
      at Parser.parseMaybeConditional [as parseMaybeAssign] (node_modules/@babel/parser/src/parser/expression.ts:301:21)
      at Parser.parseMaybeAssign [as parseExpressionBase] (node_modules/@babel/parser/src/parser/expression.ts:226:23)
      at parseExpressionBase (node_modules/@babel/parser/src/parser/expression.ts:217:39)
      at Parser.callback [as allowInAnd] (node_modules/@babel/parser/src/parser/expression.ts:3197:16)
      at Parser.allowInAnd [as parseExpression] (node_modules/@babel/parser/src/parser/expression.ts:217:17)
      at Parser.parseExpression [as parseStatementContent] (node_modules/@babel/parser/src/parser/statement.ts:688:23)
      at Parser.parseStatementContent [as parseStatementLike] (node_modules/@babel/parser/src/parser/statement.ts:482:17)
      at Parser.parseStatementLike [as parseModuleItem] (node_modules/@babel/parser/src/parser/statement.ts:419:17)
      at Parser.parseModuleItem [as parseBlockOrModuleBlockBody] (node_modules/@babel/parser/src/parser/statement.ts:1443:16)
      at Parser.parseBlockOrModuleBlockBody [as parseBlockBody] (node_modules/@babel/parser/src/parser/statement.ts:1417:10)
      at Parser.parseBlockBody [as parseProgram] (node_modules/@babel/parser/src/parser/statement.ts:229:10)
      at Parser.parseProgram [as parseTopLevel] (node_modules/@babel/parser/src/parser/statement.ts:203:25)
      at Parser.parseTopLevel [as parse] (node_modules/@babel/parser/src/parser/index.ts:88:25)
      at parse (node_modules/@babel/parser/src/index.ts:86:38)
      at parser (node_modules/@babel/core/src/parser/index.ts:29:19)
          at parser.next (<anonymous>)
      at normalizeFile (node_modules/@babel/core/src/transformation/normalize-file.ts:50:24)
          at normalizeFile.next (<anonymous>)
      at run (node_modules/@babel/core/src/transformation/index.ts:41:36)
          at run.next (<anonymous>)
      at transform (node_modules/@babel/core/src/transform.ts:29:20)
          at transform.next (<anonymous>)
      at evaluateSync (node_modules/gensync/index.js:251:28)
      at sync (node_modules/gensync/index.js:89:14)
      at fn (node_modules/@babel/core/src/errors/rewrite-stack-trace.ts:99:14)
      at transformSync (node_modules/@babel/core/src/transform.ts:66:52)
      at ScriptTransformer.transformSource (node_modules/@jest/transform/build/index.js:422:31)
      at ScriptTransformer._transformAndBuildScript (node_modules/@jest/transform/build/index.js:519:40)
      at ScriptTransformer.transform (node_modules/@jest/transform/build/index.js:558:19)
      at Object.require (server.js:12:19)
      at Object.require (tests/auth.test.js:11:13)

FAIL tests/order.test.js
  ΓùÅ Test suite failed to run

    Jest encountered an unexpected token

    Jest failed to parse a file. This happens e.g. when your code or its dependencies use non-standard JavaScript syntax, or when Jest is not configured to support such syntax.

    Out of the box Jest supports Babel, which will be used to transform your files into valid JS based on your Babel configuration.

    By default "node_modules" folder is ignored by transformers.

    Here's what you can do:
     ΓÇó If you are trying to use ECMAScript Modules, see https://jestjs.io/docs/ecmascript-modules for how to enable it.
     ΓÇó If you are trying to use TypeScript, see https://jestjs.io/docs/getting-started#using-typescript
     ΓÇó To have some of your "node_modules" files transformed, you can specify a custom "transformIgnorePatterns" in your config.
     ΓÇó If you need a custom transformation, specify a "transform" option in your config.
     ΓÇó If you simply want to mock your non-JS modules (e.g. binary assets) you can stub them out with the "moduleNameMapper" config option.

    You'll find more details and examples of these config options in the docs:
    https://jestjs.io/docs/configuration
    For information about custom transformations, see:
    https://jestjs.io/docs/code-transformation

    Details:

    SyntaxError: C:\Users\tawhi\Documents\Codes\universityMarketplace\routes\api.js: Unexpected token (12:0)

      10 | const adminRoutes = require('./admin');
      11 | const orderRoutes = require('./order');
    > 12 | <<<<<<< HEAD
         | ^
      13 | const shopRoutes = require('./shop');
      14 | const notificationRoutes = require('./notification');
      15 | const reviewRoutes = require('./review');

      10 | const bodyParser = require('body-parser');
      11 | const path = require('path');
    > 12 | const apiRoutes = require('./routes/api');
         |                   ^
      13 | require('./config/database'); // Establishes database connection
      14 |
      15 | // --- 2. Setup ---

      at constructor (node_modules/@babel/parser/src/parse-error.ts:95:45)
      at Parser.toParseError [as raise] (node_modules/@babel/parser/src/tokenizer/index.ts:1507:19)
      at Parser.raise [as unexpected] (node_modules/@babel/parser/src/tokenizer/index.ts:1547:16)
      at Parser.unexpected [as parseExprAtom] (node_modules/@babel/parser/src/parser/expression.ts:1355:22)
      at Parser.parseExprAtom [as parseExprSubscripts] (node_modules/@babel/parser/src/parser/expression.ts:742:23)
      at Parser.parseExprSubscripts [as parseUpdate] (node_modules/@babel/parser/src/parser/expression.ts:721:21)
      at Parser.parseUpdate [as parseMaybeUnary] (node_modules/@babel/parser/src/parser/expression.ts:683:23)
      at Parser.parseMaybeUnary [as parseMaybeUnaryOrPrivate] (node_modules/@babel/parser/src/parser/expression.ts:417:14)
      at Parser.parseMaybeUnaryOrPrivate [as parseExprOps] (node_modules/@babel/parser/src/parser/expression.ts:429:23)
      at Parser.parseExprOps [as parseMaybeConditional] (node_modules/@babel/parser/src/parser/expression.ts:384:23)
      at Parser.parseMaybeConditional [as parseMaybeAssign] (node_modules/@babel/parser/src/parser/expression.ts:301:21)
      at Parser.parseMaybeAssign [as parseExpressionBase] (node_modules/@babel/parser/src/parser/expression.ts:226:23)
      at parseExpressionBase (node_modules/@babel/parser/src/parser/expression.ts:217:39)
      at Parser.callback [as allowInAnd] (node_modules/@babel/parser/src/parser/expression.ts:3197:16)
      at Parser.allowInAnd [as parseExpression] (node_modules/@babel/parser/src/parser/expression.ts:217:17)
      at Parser.parseExpression [as parseStatementContent] (node_modules/@babel/parser/src/parser/statement.ts:688:23)
      at Parser.parseStatementContent [as parseStatementLike] (node_modules/@babel/parser/src/parser/statement.ts:482:17)
      at Parser.parseStatementLike [as parseModuleItem] (node_modules/@babel/parser/src/parser/statement.ts:419:17)
      at Parser.parseModuleItem [as parseBlockOrModuleBlockBody] (node_modules/@babel/parser/src/parser/statement.ts:1443:16)
      at Parser.parseBlockOrModuleBlockBody [as parseBlockBody] (node_modules/@babel/parser/src/parser/statement.ts:1417:10)
      at Parser.parseBlockBody [as parseProgram] (node_modules/@babel/parser/src/parser/statement.ts:229:10)
      at Parser.parseProgram [as parseTopLevel] (node_modules/@babel/parser/src/parser/statement.ts:203:25)
      at Parser.parseTopLevel [as parse] (node_modules/@babel/parser/src/parser/index.ts:88:25)
      at parse (node_modules/@babel/parser/src/index.ts:86:38)
      at parser (node_modules/@babel/core/src/parser/index.ts:29:19)
          at parser.next (<anonymous>)
      at normalizeFile (node_modules/@babel/core/src/transformation/normalize-file.ts:50:24)
          at normalizeFile.next (<anonymous>)
      at run (node_modules/@babel/core/src/transformation/index.ts:41:36)
          at run.next (<anonymous>)
      at transform (node_modules/@babel/core/src/transform.ts:29:20)
          at transform.next (<anonymous>)
      at evaluateSync (node_modules/gensync/index.js:251:28)
      at sync (node_modules/gensync/index.js:89:14)
      at fn (node_modules/@babel/core/src/errors/rewrite-stack-trace.ts:99:14)
      at transformSync (node_modules/@babel/core/src/transform.ts:66:52)
      at ScriptTransformer.transformSource (node_modules/@jest/transform/build/index.js:422:31)
      at ScriptTransformer._transformAndBuildScript (node_modules/@jest/transform/build/index.js:519:40)
      at ScriptTransformer.transform (node_modules/@jest/transform/build/index.js:558:19)
      at Object.require (server.js:12:19)
      at Object.require (tests/order.test.js:11:13)

Test Suites: 3 failed, 3 total
Tests:       0 total
Snapshots:   0 total
Time:        1.29 s
Ran all test suites.
